// Jest Snapshot v1, https://goo.gl/fbAQLP

exports[`snapshot 1`] = `
<div>
  <p
    className="input_box_title"
  >
    فراموشي گذرواژه!
  </p>
  <div
    className="input_container input_class"
    data-testid="input-container"
  >
    <div
      className="inner_container inner_container"
    >
      <div
        className="content"
      >
        <p
          className="label input_label"
        >
          ايميل
        </p>
        <input
          className="input input input_label"
          data-testid="email-input"
          dir="auto"
          onBlur={[Function]}
          onChange={[Function]}
          onFocus={[Function]}
          onKeyDown={[Function]}
          placeholder=""
          type="text"
          value=""
        />
      </div>
    </div>
  </div>
  <button
    className="ant-btn ant-btn-primary enter_button"
    data-testid="submit-button"
    onClick={[Function]}
    type="button"
  >
    <span>
      ثبت
    </span>
  </button>
</div>
`;
