// Jest Snapshot v1, https://goo.gl/fbAQLP

exports[`snapshot 1`] = `
<div
  className="container"
>
  <div
    className="header"
  >
    <span>
      افزودن کاربر
    </span>
    <img
      src="add_user_menu.svg"
    />
  </div>
  <div
    className="content"
    style={
      Object {
        "visibility": "hidden",
      }
    }
  >
    <img
      className="avatar"
      src="add_user.svg"
    />
    <div
      className="container"
    >
      <label
        className="label"
      >
        ایمیل
      </label>
      <div
        className="input_container"
        data-testid="input-container"
      >
        <img
          alt="icon"
          className="icon email_icon"
          src="search.png"
        />
        <input
          className="input_class"
          data-testid="email"
          dir="rtl"
          disabled={false}
          onChange={[Function]}
          onKeyDown={[Function]}
          readOnly={false}
        />
      </div>
      <div
        className="auto_complete_items"
        data-active={false}
      />
    </div>
    <div
      className="container"
      data-open={false}
    >
      <p
        className="label"
      >
        عنوان نقش
      </p>
      <div
        className="content"
        data-testid="dropdown-container"
      >
        <img
          alt="arrow down"
          className="arrow_down"
          src="arrow_down.svg"
        />
        <p
          className="selected_item_label"
        >
          انتخاب كنيد
        </p>
      </div>
      <div
        className="items"
      />
    </div>
    <div
      className="buttons"
    >
      <div
        className="button"
        onClick={[Function]}
        style={
          Object {
            "backgroundColor": undefined,
          }
        }
      >
        <span
          className="label"
        >
          کاربر جدید
        </span>
      </div>
      <div
        className="button"
        data-testid="submit_user"
        onClick={[Function]}
        style={
          Object {
            "backgroundColor": "#1354ac",
          }
        }
      >
        <span
          className="label"
        >
          ثبت
        </span>
      </div>
    </div>
  </div>
  <div
    className="ant-spin ant-spin-lg ant-spin-spinning loading"
    style={
      Object {
        "display": undefined,
      }
    }
  >
    <span
      className="ant-spin-dot ant-spin-dot-spin"
    >
      <i
        className="ant-spin-dot-item"
      />
      <i
        className="ant-spin-dot-item"
      />
      <i
        className="ant-spin-dot-item"
      />
      <i
        className="ant-spin-dot-item"
      />
    </span>
  </div>
</div>
`;
