// Jest Snapshot v1, https://goo.gl/fbAQLP

exports[`snapshot 1`] = `
<div
  className="rectangle"
>
  <div
    className="header"
  >
    پروفايل
    <svg
      height="28.978"
      viewBox="0 0 34.978 34.978"
      width="28.978"
      xmlns="http://www.w3.org/2000/svg"
    >
      <path
        d="M17.489 0a17.489 17.489 0 1 0 17.489 17.489A17.509 17.509 0 0 0 17.489 0zm0 2.691A14.79 14.79 0 0 1 28.42 27.453c-1.009-1.855-3.978-3.379-7.147-4.036a1.288 1.288 0 0 1-.841-1.892 7.362 7.362 0 0 0 1.513-2.943 4.322 4.322 0 0 0 1.471-2.691c.137-1.482-.294-1.64-.294-1.64.536-1.75.683-8.335-3.489-7.525-.673-1.345-5.087-2.412-7.1 1.219a7.135 7.135 0 0 0-.42 6.18c0 .137-.284-.142-.42.8a5.788 5.788 0 0 0 .841 2.817 1.39 1.39 0 0 0 .673.547 7.312 7.312 0 0 0 1.465 3.111 1.874 1.874 0 0 1-.967 1.892c-3.279.657-6.259 2.181-7.273 4.036A14.8 14.8 0 0 1 17.489 2.691z"
        fill="#fff"
      />
    </svg>
  </div>
  <div
    className="content"
  >
    <div
      className="left"
    >
      <img
        alt=""
        className="profile"
        src=""
      />
    </div>
    <div
      className="right"
    >
      <p
        className="big"
      >
        نام و خانوادگي
      </p>
      <p
        className="small"
      >
         
      </p>
      <p
        className="big"
      >
        ايميل
      </p>
      <p
        className="small"
      >
        
      </p>
      <p
        className="big"
      >
        شماره دانشجویی / کد پرسنلی
      </p>
      <p
        className="small"
      >
        
      </p>
      <p
        className="big"
      >
        تاريخ ثبت نام
      </p>
      <p
        className="small"
      >
        1400/05/10
      </p>
    </div>
  </div>
  <div
    className="actions"
  >
    <button
      className="ant-btn ant-btn-primary change_button"
      data-testid="submit_certificate"
      onClick={[Function]}
      type="button"
    >
      <span>
        احراز هویت
      </span>
    </button>
    <button
      className="ant-btn ant-btn-primary record_button"
      data-testid="edit_button"
      onClick={[Function]}
      type="button"
    >
      <span>
        تغییر
      </span>
    </button>
  </div>
</div>
`;
