// Jest Snapshot v1, https://goo.gl/fbAQLP

exports[`snapshot 1`] = `
<div
  className="container"
>
  <div
    className="header"
  >
    <span>
      افزودن نقش
    </span>
    <img
      alt="add"
      src="add_user_menu.svg"
    />
  </div>
  <div
    className="content"
    style={
      Object {
        "visibility": undefined,
      }
    }
  >
    <img
      alt="add"
      className="avatar"
      src="add_user.svg"
    />
    <div
      className="container"
    >
      <label
        className="label"
      >
        عنوان نقش
      </label>
      <div
        className="input_container"
        data-testid="input-container"
      >
        <input
          className="input_class"
          dir="auto"
          onChange={[Function]}
          onKeyDown={[Function]}
          value=""
        />
      </div>
    </div>
    <div
      className="buttons"
    >
      <div
        className="button"
        onClick={[Function]}
        style={
          Object {
            "backgroundColor": undefined,
          }
        }
      >
        <span>
          نقش جدید
        </span>
      </div>
      <div
        className="button"
        onClick={[Function]}
        style={
          Object {
            "backgroundColor": "#1354ac",
          }
        }
      >
        <span>
          ثبت نقش
        </span>
      </div>
    </div>
  </div>
  <div
    className="ant-spin ant-spin-lg ant-spin-spinning loading"
    style={
      Object {
        "display": "none",
      }
    }
  >
    <span
      className="ant-spin-dot ant-spin-dot-spin"
    >
      <i
        className="ant-spin-dot-item"
      />
      <i
        className="ant-spin-dot-item"
      />
      <i
        className="ant-spin-dot-item"
      />
      <i
        className="ant-spin-dot-item"
      />
    </span>
  </div>
</div>
`;
