// Jest Snapshot v1, https://goo.gl/fbAQLP

exports[`snapshot 1`] = `
<div
  className="container"
>
  <div
    className="header"
  >
    <div
      className="container"
      data-open={false}
    >
      <div>
        <img
          className="arrow_right"
          src="arrow_right.svg"
        />
        <img
          className="arrow_down"
          data-testid="forwardType"
          src="arrow_down.png"
        />
      </div>
      <div
        className="items"
      >
        <div
          className="item"
          onClick={[Function]}
        >
          <span>
            ارسال تیکت به سایر تاپیک ها
          </span>
        </div>
        <div
          className="item"
          onClick={[Function]}
        >
          <span>
            ارسال تیکت به سایر نقش ها
          </span>
          <div
            className="checkmark"
          />
        </div>
      </div>
    </div>
    <div
      className="splitter"
    />
    <span
      className="from"
    >
      From:
    </span>
    <span>
      Test Title
    </span>
    <div
      className="close_container"
    >
      <img
        className="close"
        data-testid="close-button"
        onClick={[Function]}
        src="close_2.svg"
      />
    </div>
  </div>
  <div
    className="content"
  >
    <span
      className="label"
    >
      دسته بندی
    </span>
    <div
      className="categories"
    />
  </div>
  <div
    className="footer"
  >
    <div
      className="button button"
      data-disabled={true}
      data-testid="submitButton"
      onClick={[Function]}
      style={
        Object {
          "backgroundColor": "#96a2ab",
        }
      }
    >
      <span
        className="label"
      >
        ارسال
      </span>
    </div>
    <div
      className="button button"
      data-testid="cancelButton"
      onClick={[Function]}
      style={
        Object {
          "backgroundColor": "#606f7b",
        }
      }
    >
      <span
        className="label"
      >
        انصراف
      </span>
    </div>
  </div>
</div>
`;
